Last login: Fri Dec 11 15:02:24 on ttys001
azrasarak@Azras-MacBook-Air ~ % cd finalgame
cd: no such file or directory: finalgame
azrasarak@Azras-MacBook-Air ~ % cd desktop 
azrasarak@Azras-MacBook-Air desktop % cd finalgame
azrasarak@Azras-MacBook-Air finalgame % ls 
game.css	game.html	game.js
azrasarak@Azras-MacBook-Air finalgame % git init 
Reinitialized existing Git repository in /Users/azrasarak/Desktop/finalgame/.git/
azrasarak@Azras-MacBook-Air finalgame % git status
On branch main
nothing to commit, working tree clean
azrasarak@Azras-MacBook-Air finalgame % git add . 
azrasarak@Azras-MacBook-Air finalgame % git commit -m "basics"
On branch main
nothing to commit, working tree clean
azrasarak@Azras-MacBook-Air finalgame % git remote add origin https://github.com/azrasarak/FinalGame-.git
fatal: remote origin already exists.
azrasarak@Azras-MacBook-Air finalgame % git branch -M main
azrasarak@Azras-MacBook-Air finalgame % git push -u origin main
Enumerating objects: 6, done.
Counting objects: 100% (6/6), done.
Delta compression using up to 4 threads
Compressing objects: 100% (6/6), done.
Writing objects: 100% (6/6), 1.83 KiB | 938.00 KiB/s, done.
Total 6 (delta 0), reused 0 (delta 0), pack-reused 0
To https://github.com/azrasarak/FinalGame-.git
 * [new branch]      main -> main
Branch 'main' set up to track remote branch 'main' from 'origin'.
azrasarak@Azras-MacBook-Air finalgame % git delete commit
git: 'delete' is not a git command. See 'git --help'.
azrasarak@Azras-MacBook-Air finalgame % git --help
usage: git [--version] [--help] [-C <path>] [-c <name>=<value>]
           [--exec-path[=<path>]] [--html-path] [--man-path] [--info-path]
           [-p | --paginate | -P | --no-pager] [--no-replace-objects] [--bare]
           [--git-dir=<path>] [--work-tree=<path>] [--namespace=<name>]
           <command> [<args>]

These are common Git commands used in various situations:

start a working area (see also: git help tutorial)
   clone             Clone a repository into a new directory
   init              Create an empty Git repository or reinitialize an existing one

work on the current change (see also: git help everyday)
   add               Add file contents to the index
   mv                Move or rename a file, a directory, or a symlink
   restore           Restore working tree files
   rm                Remove files from the working tree and from the index
   sparse-checkout   Initialize and modify the sparse-checkout

examine the history and state (see also: git help revisions)
   bisect            Use binary search to find the commit that introduced a bug
   diff              Show changes between commits, commit and working tree, etc
   grep              Print lines matching a pattern
   log               Show commit logs
   show              Show various types of objects
   status            Show the working tree status

grow, mark and tweak your common history
   branch            List, create, or delete branches
   commit            Record changes to the repository
   merge             Join two or more development histories together
   rebase            Reapply commits on top of another base tip
   reset             Reset current HEAD to the specified state
   switch            Switch branches
   tag               Create, list, delete or verify a tag object signed with GPG

collaborate (see also: git help workflows)
   fetch             Download objects and refs from another repository
   pull              Fetch from and integrate with another repository or a local branch
   push              Update remote refs along with associated objects

'git help -a' and 'git help -g' list available subcommands and some
concept guides. See 'git help <command>' or 'git help <concept>'
to read about a specific subcommand or concept.
See 'git help git' for an overview of the system.
azrasarak@Azras-MacBook-Air finalgame % 
